Deleting output directory...
done.

Building sdk...
Compiling sdk/drivers/audio/src/cs42888.c
Compiling sdk/drivers/audio/src/imx_esai.c
Compiling sdk/drivers/audio/src/imx_spdif.c
Compiling sdk/drivers/audio/src/imx-audmux.c
Compiling sdk/drivers/audio/src/imx-ssi.c
Compiling sdk/drivers/audio/src/sgtl5000.c
Compiling sdk/drivers/audio/src/snd_card.c
Compiling sdk/drivers/audio/src/wm8958_dac.c
Compiling sdk/drivers/audio/src/wm8962.c
Compiling sdk/drivers/camera/src/camera_profile.c
Compiling sdk/drivers/camera/src/smd_sensor.c
Compiling sdk/drivers/cpu_utility/src/cpu_get_cores.c
Compiling sdk/drivers/eim/src/eim.c
Compiling sdk/drivers/gic/src/gic.c
Compiling sdk/drivers/gpio/src/gpio.c
Compiling sdk/drivers/i2c/src/imx_i2c_slave.c
Compiling sdk/drivers/i2c/src/imx_i2c.c
Compiling sdk/drivers/keypad/src/keypad_port.c
Compiling sdk/drivers/ocotp/src/ocotp.c
Compiling sdk/drivers/pwm/src/pwm.c
Compiling sdk/drivers/rtc/src/rtc.c
Compiling sdk/drivers/rtc/src/srtc.c
Compiling sdk/drivers/sdma/src/sdma_script_info.c
Compiling sdk/drivers/sdma/src/sdma.c
Compiling sdk/drivers/snvs/src/snvs.c
Compiling sdk/drivers/spi/src/ecspi.c
Compiling sdk/drivers/tempmon/src/tempmon.c
Compiling sdk/drivers/timer/src/epit.c
Compiling sdk/drivers/timer/src/gpt.c
Compiling sdk/drivers/timer/src/timer.c
Compiling sdk/drivers/uart/src/imx_uart.c
Compiling sdk/drivers/usb/src/mx6x_usb.c
Compiling sdk/drivers/usb/src/usb_common.c
Compiling sdk/drivers/usb/src/usbd_drv.c
Compiling sdk/drivers/usb/src/usbh_drv.c
Compiling sdk/drivers/usdhc/src/usdhc_host.c
Compiling sdk/drivers/usdhc/src/usdhc_mmc.c
Compiling sdk/drivers/usdhc/src/usdhc_sd.c
Compiling sdk/drivers/usdhc/src/usdhc.c
Compiling sdk/drivers/sata/src/sata.c
Compiling sdk/drivers/enet/src/enet_drv.c
Compiling sdk/drivers/flexcan/src/can.c
Compiling sdk/drivers/gpu/src/rotate_texture.c
Compiling sdk/drivers/gpu/src/sdk_gpu_utilities.c
Compiling sdk/drivers/gpu/src/texture.c
Compiling sdk/drivers/gpmi/src/bch_ecc.c
Compiling sdk/drivers/hdmi/src/hdmi_common.c
Compiling sdk/drivers/hdmi/src/hdmi_tx_audio.c
Compiling sdk/drivers/hdmi/src/hdmi_tx_phy.c
Compiling sdk/drivers/hdmi/src/hdmi_tx.c
Compiling sdk/drivers/ipu/src/ips_disp_panel.c
Compiling sdk/drivers/ipu/src/ipu_common.c
Compiling sdk/drivers/ipu/src/ipu_csi.c
Compiling sdk/drivers/ipu/src/ipu_dc.c
Compiling sdk/drivers/ipu/src/ipu_di.c
Compiling sdk/drivers/ipu/src/ipu_dmfc.c
Compiling sdk/drivers/ipu/src/ipu_dp.c
Compiling sdk/drivers/ipu/src/ipu_ic.c
Compiling sdk/drivers/ipu/src/ipu_idmac.c
Compiling sdk/drivers/ldb/src/ldb.c
Compiling sdk/drivers/mipi/src/mipi_csi2_common.c
Compiling sdk/drivers/mipi/src/mipi_dsi_common.c
Compiling sdk/drivers/mipi/src/ov5640_mipi_fm.c
Compiling sdk/drivers/pcie/src/pcie_phy.c
Compiling sdk/drivers/pcie/src/pcie_prot.c
Compiling sdk/drivers/pcie/src/pcie.c
Compiling sdk/drivers/vdoa/src/vdoa.c
Compiling sdk/drivers/video/src/adv7180.c
Compiling sdk/drivers/vpu/src/vpu_gdi.c
Compiling sdk/drivers/vpu/src/vpu_io.c
Compiling sdk/drivers/vpu/src/vpu_lib.c
Compiling sdk/drivers/vpu/src/vpu_util.c
Compiling sdk/drivers/pmu/src/pmu_driver.cpp
Compiling sdk/drivers/gpmi/src/gpmi_dma_components.cpp
Compiling sdk/drivers/gpmi/src/gpmi_dma_isr.cpp
Compiling sdk/drivers/gpmi/src/gpmi_dma_sequences.cpp
Compiling sdk/drivers/gpmi/src/gpmi_nand_operations.cpp
Compiling sdk/drivers/gpmi/src/gpmi.cpp
Archiving 78 files in libsdk.a
Compiling sdk/common/filesystem/steering/fs_steering_read.c
Compiling sdk/common/filesystem/steering/fs_steering_utility.c
Compiling sdk/common/filesystem/steering/fs_steering.c
Compiling sdk/common/filesystem/fat/base/arrangefilename.c
Compiling sdk/common/filesystem/fat/base/changetorootdirectory.c
Compiling sdk/common/filesystem/fat/base/clearcluster.c
Compiling sdk/common/filesystem/fat/base/createdirectory.c
Compiling sdk/common/filesystem/fat/base/deletecontent.c
Compiling sdk/common/filesystem/fat/base/deleterecord.c
Compiling sdk/common/filesystem/fat/base/fastopen.c
Compiling sdk/common/filesystem/fat/base/fcreate.c
Compiling sdk/common/filesystem/fat/base/fflush.c
Compiling sdk/common/filesystem/fat/base/filegetattrib.c
Compiling sdk/common/filesystem/fat/base/filegetattribhandle.c
Compiling sdk/common/filesystem/fat/base/filegetdate.c
Compiling sdk/common/filesystem/fat/base/filesetattrib.c
Compiling sdk/common/filesystem/fat/base/filesetdate.c
Compiling sdk/common/filesystem/fat/base/fread_bypass.c
Compiling sdk/common/filesystem/fat/base/fread.c
Compiling sdk/common/filesystem/fat/base/fseek.c
Compiling sdk/common/filesystem/fat/base/fwrite.c
Compiling sdk/common/filesystem/fat/base/getfilesize.c
Compiling sdk/common/filesystem/fat/base/getshortfilename.c
Compiling sdk/common/filesystem/fat/base/readrootdirrecord.c
Compiling sdk/common/filesystem/fat/base/updatefilesize.c
Compiling sdk/common/filesystem/fat/common/cache_wrappers.c
Compiling sdk/common/filesystem/fat/common/fsclearbuf.c
Compiling sdk/common/filesystem/fat/common/fsdriveinit.c
Compiling sdk/common/filesystem/fat/common/fsdriveshutdown.c
Compiling sdk/common/filesystem/fat/common/fsinit.c
Compiling sdk/common/filesystem/fat/common/fsrecoverdrive.c
Compiling sdk/common/filesystem/fat/common/fsshutdown.c
Compiling sdk/common/filesystem/fat/common/setcwdhandle.c
Compiling sdk/common/filesystem/fat/device/readdevicerecord.c
Compiling sdk/common/filesystem/fat/fatapi/checkspaceinrootdir.c
Compiling sdk/common/filesystem/fat/fatapi/computefreeclusters.c
Compiling sdk/common/filesystem/fat/fatapi/fatsector.c
Compiling sdk/common/filesystem/fat/fatapi/filesystempresent.c
Compiling sdk/common/filesystem/fat/fatapi/findnextcluster.c
Compiling sdk/common/filesystem/fat/fatapi/findnextfreecurrentcluster.c
Compiling sdk/common/filesystem/fat/fatapi/firstfreeandallocate.c
Compiling sdk/common/filesystem/fat/fatapi/firstrootdirsector.c
Compiling sdk/common/filesystem/fat/fatapi/firstsectorofcluster.c
Compiling sdk/common/filesystem/fat/fatapi/getnewcluster.c
Compiling sdk/common/filesystem/fat/fatapi/readfat12entry.c
Compiling sdk/common/filesystem/fat/fatapi/readfatentry.c
Compiling sdk/common/filesystem/fat/fatapi/totalfreecluster.c
Compiling sdk/common/filesystem/fat/fatapi/writefatentry.c
Compiling sdk/common/filesystem/fat/handle/fgetfasthandle.c
Compiling sdk/common/filesystem/fat/handle/handle.c
Compiling sdk/common/filesystem/fat/handle/handleres.c
Compiling sdk/common/filesystem/fat/higherapi/changepath.c
Compiling sdk/common/filesystem/fat/higherapi/chdir.c
Compiling sdk/common/filesystem/fat/higherapi/chdirw.c
Compiling sdk/common/filesystem/fat/higherapi/checkforvalidrecord.c
Compiling sdk/common/filesystem/fat/higherapi/deletetree.c
Compiling sdk/common/filesystem/fat/higherapi/feof.c
Compiling sdk/common/filesystem/fat/higherapi/ferror.c
Compiling sdk/common/filesystem/fat/higherapi/findfirst.c
Compiling sdk/common/filesystem/fat/higherapi/findnext.c
Compiling sdk/common/filesystem/fat/higherapi/fopen.c
Compiling sdk/common/filesystem/fat/higherapi/fopenw.c
Compiling sdk/common/filesystem/fat/higherapi/fremove.c
Compiling sdk/common/filesystem/fat/higherapi/fremovew.c
Compiling sdk/common/filesystem/fat/higherapi/frename.c
Compiling sdk/common/filesystem/fat/higherapi/ftell.c
Compiling sdk/common/filesystem/fat/higherapi/getcwd.c
Compiling sdk/common/filesystem/fat/higherapi/getvolumelabel.c
Compiling sdk/common/filesystem/fat/higherapi/longfilename.c
Compiling sdk/common/filesystem/fat/higherapi/mkdir.c
Compiling sdk/common/filesystem/fat/higherapi/mkdirw.c
Compiling sdk/common/filesystem/fat/higherapi/rmdir.c
Compiling sdk/common/filesystem/fat/higherapi/rmdirw.c
Compiling sdk/common/filesystem/fat/higherapi/searchdirectory.c
Compiling sdk/common/filesystem/fat/higherapi/searchfile.c
Compiling sdk/common/filesystem/fat/higherapi/sethandleforsearch.c
Compiling sdk/common/filesystem/fat/platform/platform.c
Compiling sdk/common/filesystem/fat/standardapi/fclose.c
Compiling sdk/common/filesystem/fat/standardapi/fgetc.c
Compiling sdk/common/filesystem/fat/standardapi/fgets.c
Compiling sdk/common/filesystem/fat/standardapi/fputc.c
Compiling sdk/common/filesystem/fat/standardapi/fputs.c
Compiling sdk/common/filesystem/fat/standardapi/readdirectoryrecord.c
Compiling sdk/common/filesystem/fat/unicode/fsunicode.c
Compiling sdk/common/filesystem/fat/utility/arrangelongfilename.c
Compiling sdk/common/filesystem/fat/utility/checkmode.c
Compiling sdk/common/filesystem/fat/utility/convert_itoa.c
Compiling sdk/common/filesystem/fat/utility/createdirectoryrecord.c
Compiling sdk/common/filesystem/fat/utility/createshortdirrecord.c
Compiling sdk/common/filesystem/fat/utility/dbcstotwobytestring.c
Compiling sdk/common/filesystem/fat/utility/discardtrailigperiods.c
Compiling sdk/common/filesystem/fat/utility/extractfilename.c
Compiling sdk/common/filesystem/fat/utility/extractpath.c
Compiling sdk/common/filesystem/fat/utility/findfreerecord.c
Compiling sdk/common/filesystem/fat/utility/findnextsector.c
Compiling sdk/common/filesystem/fat/utility/fstrcpy.c
Compiling sdk/common/filesystem/fat/utility/getchar.c
Compiling sdk/common/filesystem/fat/utility/getname.c
Compiling sdk/common/filesystem/fat/utility/isdirectoryempty.c
Compiling sdk/common/filesystem/fat/utility/isshortnamevalid.c
Compiling sdk/common/filesystem/fat/utility/longdirmatch.c
Compiling sdk/common/filesystem/fat/utility/matchdirrecord.c
Compiling sdk/common/filesystem/fat/utility/putchar.c
Compiling sdk/common/filesystem/fat/utility/reentrant_section.c
Compiling sdk/common/filesystem/fat/utility/searchfreerecord.c
Compiling sdk/common/filesystem/fat/utility/setcwd.c
Compiling sdk/common/filesystem/fat/utility/setshortfilename.c
Compiling sdk/common/filesystem/fat/utility/shortdirmatch.c
Compiling sdk/common/filesystem/fat/utility/strlength.c
Compiling sdk/common/filesystem/fat/fs_fat_memory.c
Archiving 110 files in libsdk.a
Compiling sdk/common/profile/profile.c
Compiling sdk/common/ioexpander/max7310.c
Archiving 2 files in libsdk.a
Compiling sdk/core/src/ccm_pll.c
Compiling sdk/core/src/interrupt.c
Compiling sdk/core/src/mmu.c
Assembling sdk/core/src/cortexA9.s
Assembling sdk/core/src/startup.s
Assembling sdk/core/src/vectors.S
Archiving 6 files in libsdk.a
Compiling sdk/utility/src/spinlock.c
Compiling sdk/utility/src/system_util.c
Compiling sdk/utility/src/text_color.c
Compiling sdk/utility/src/version.c
Assembling sdk/utility/src/atomics.s
Archiving 5 files in libsdk.a
Archiving 0 files in libsdk.a

Building sdk_unit_test...
Compiling board/mx6dq/smart_device/hardware.c
Compiling board/mx6dq/smart_device/rev_b_iomux/enet_iomux_config.c
Compiling board/mx6dq/smart_device/rev_b_iomux/uart_iomux_config.c
Compiling board/mx6dq/smart_device/rev_b_iomux/iomux_config.c
Compiling board/mx6dq/smart_device/rev_b_iomux/ecspi1_iomux_config.c
Compiling board/mx6dq/smart_device/rev_b_iomux/pwm_iomux_config.c
Compiling board/mx6dq/smart_device/rev_b_iomux/i2c1_iomux_config.c
Compiling board/mx6dq/smart_device/rev_b_iomux/gpio_iomux_config.c
Compiling board/mx6dq/smart_device/rev_b_iomux/uart1_iomux_config.c
Compiling board/mx6dq/smart_device/rev_b_iomux/epit_iomux_config.c
Compiling board/mx6dq/smart_device/rev_b_iomux/mmdc_iomux_config.c
Compiling board/mx6dq/smart_device/rev_b_iomux/ipu_iomux_config.c
Compiling board/mx6dq/smart_device/rev_b_iomux/dcic_iomux_config.c
Compiling board/mx6dq/smart_device/rev_b_iomux/gpio7_iomux_config.c
Compiling board/mx6dq/smart_device/rev_b_iomux/gpio3_iomux_config.c
Compiling board/mx6dq/smart_device/rev_b_iomux/ccm_iomux_config.c
Compiling board/mx6dq/smart_device/rev_b_iomux/pwm1_iomux_config.c
Compiling board/mx6dq/smart_device/rev_b_iomux/gpio4_iomux_config.c
Compiling board/mx6dq/smart_device/rev_b_iomux/ipu1_iomux_config.c
Compiling board/mx6dq/smart_device/rev_b_iomux/sjc_iomux_config.c
Compiling board/mx6dq/smart_device/rev_b_iomux/i2c3_iomux_config.c
Compiling board/mx6dq/smart_device/rev_b_iomux/gps_iomux_config.c
Compiling board/mx6dq/smart_device/rev_b_iomux/usdhc4_iomux_config.c
Compiling board/mx6dq/smart_device/rev_b_iomux/gpio5_iomux_config.c
Compiling board/mx6dq/smart_device/rev_b_iomux/can_iomux_config.c
Compiling board/mx6dq/smart_device/rev_b_iomux/gpio1_iomux_config.c
Compiling board/mx6dq/smart_device/rev_b_iomux/i2c2_iomux_config.c
Compiling board/mx6dq/smart_device/rev_b_iomux/usboh3_iomux_config.c
Compiling board/mx6dq/smart_device/rev_b_iomux/ecspi_iomux_config.c
Compiling board/mx6dq/smart_device/rev_b_iomux/i2c_iomux_config.c
Compiling board/mx6dq/smart_device/rev_b_iomux/usdhc3_iomux_config.c
Compiling board/mx6dq/smart_device/rev_b_iomux/audmux_iomux_config.c
Compiling board/mx6dq/smart_device/rev_b_iomux/wdog_iomux_config.c
Compiling board/mx6dq/smart_device/rev_b_iomux/gpio6_iomux_config.c
Compiling board/mx6dq/smart_device/rev_b_iomux/usdhc2_iomux_config.c
Compiling board/mx6dq/smart_device/rev_b_iomux/gpio2_iomux_config.c
Compiling board/mx6dq/smart_device/rev_b_iomux/can1_iomux_config.c
Compiling board/mx6dq/smart_device/rev_b_iomux/usdhc_iomux_config.c
Archiving 38 files in libboard_smart_device_rev_b.a
Compiling sdk/drivers/audio/test/audio_test.c
Compiling sdk/drivers/audio/test/esai_playback.c
Compiling sdk/drivers/audio/test/spdif_playback.c
Compiling sdk/drivers/audio/test/ssi_playback.c
Archiving 4 files in sdk_unit_test.a
Compiling sdk/drivers/cpu_utility/test/cpu_get_cores_test.c
Archiving 1 files in sdk_unit_test.a
Compiling sdk/drivers/gic/test/gic_test.c
Archiving 1 files in sdk_unit_test.a
Compiling sdk/drivers/hdmi/test/hdmi_test.c
Compiling sdk/drivers/hdmi/test/init_dma_data.c
Archiving 2 files in sdk_unit_test.a
Compiling sdk/drivers/i2c/test/at24cxx.c
Compiling sdk/drivers/i2c/test/i2c_test.c
Compiling sdk/drivers/i2c/test/imx6_i2c_device.c
Archiving 3 files in sdk_unit_test.a
Compiling sdk/drivers/ipu/test/ips_combiner.c
Compiling sdk/drivers/ipu/test/ips_csc.c
Compiling sdk/drivers/ipu/test/ips_display.c
Compiling sdk/drivers/ipu/test/ips_resize.c
Compiling sdk/drivers/ipu/test/ips_rotate.c
Compiling sdk/drivers/ipu/test/ips_test.c
Compiling sdk/drivers/ipu/test/ipu_image.c
Archiving 7 files in sdk_unit_test.a
Compiling sdk/drivers/ocotp/test/ocotp_test.c
Archiving 1 files in sdk_unit_test.a
Compiling sdk/drivers/pmu/test/pmu_test.c
Archiving 1 files in sdk_unit_test.a
Compiling sdk/drivers/rtc/test/snvs_rtc_test.c
Compiling sdk/drivers/rtc/test/snvs_srtc_test.c
Archiving 2 files in sdk_unit_test.a
Compiling sdk/drivers/sdma/test/mem_2_mem.c
Compiling sdk/drivers/sdma/test/sdma_test.c
Compiling sdk/drivers/sdma/test/spi_lpb.c
Compiling sdk/drivers/sdma/test/uart_loopback.c
Archiving 4 files in sdk_unit_test.a
Compiling sdk/drivers/tempmon/test/tempmon_test.c
Archiving 1 files in sdk_unit_test.a
Compiling sdk/drivers/timer/test/epit_test.c
Compiling sdk/drivers/timer/test/gpt_test.c
Compiling sdk/drivers/timer/test/timer_test.c
Archiving 3 files in sdk_unit_test.a
Compiling sdk/drivers/uart/test/uart_test.c
Archiving 1 files in sdk_unit_test.a
Compiling sdk/drivers/usdhc/test/usdhc_test.c
Archiving 1 files in sdk_unit_test.a
Compiling sdk/drivers/vdoa/test/vdoa_test.c
Archiving 1 files in sdk_unit_test.a
Compiling sdk/drivers/vpu/test/dec.c
Compiling sdk/drivers/vpu/test/enc.c
Compiling sdk/drivers/vpu/test/fb.c
Compiling sdk/drivers/vpu/test/utils.c
Compiling sdk/drivers/vpu/test/vpu_test.c
Archiving 5 files in sdk_unit_test.a
Compiling sdk/drivers/camera/test/adv7180_capture.c
Compiling sdk/drivers/camera/test/camera_test.c
Compiling sdk/drivers/camera/test/sensor_capture.c
Archiving 3 files in sdk_unit_test.a
Compiling sdk/drivers/keypad/test/keypad_test.c
Archiving 1 files in sdk_unit_test.a
Compiling sdk/drivers/spi/test/spi_nor_numonyx.c
Compiling sdk/drivers/spi/test/imx_spi_nor_atmel.c
Compiling sdk/drivers/spi/test/spi_test.c
Archiving 3 files in sdk_unit_test.a
Compiling sdk/drivers/pwm/test/pwm_test.c
Archiving 1 files in sdk_unit_test.a
Compiling sdk/drivers/sata/test/sata_test.c
Archiving 1 files in sdk_unit_test.a
Compiling apps/common/platform_init.c
Compiling apps/sdk_unit_test/src/unit_test_main.c
Compiling apps/sdk_unit_test/src/all_test.c
Compiling apps/obds/src/tests/audio_ssi_test.c
Compiling apps/obds/src/tests/ddr_test.c
Compiling apps/obds/src/tests/imx_spi_nor_test.c
Build mx6dq smart_device rev_b ALL failed with return code 2!
